<html>
<body>
<pre>
<h1>µVision Build Log</h1>
<h2>Tool Versions:</h2>
IDE-Version: µVision V5.29.0.0
Copyright (C) 2019 ARM Ltd and ARM Germany GmbH. All rights reserved.
License Information: Tri Mai, TriMai, LIC=03C6R-KZ9FT-63KMB-2G8MQ-XKRD7-VHBR8
 
Tool Versions:
Toolchain:       MDK-ARM Plus  Version: 5.29.0.0
Toolchain Path:  C:\Keil_v5\ARM\ARMCC\Bin
C Compiler:      Armcc.exe V5.06 update 6 (build 750)
Assembler:       Armasm.exe V5.06 update 6 (build 750)
Linker/Locator:  ArmLink.exe V5.06 update 6 (build 750)
Library Manager: ArmAr.exe V5.06 update 6 (build 750)
Hex Converter:   FromElf.exe V5.06 update 6 (build 750)
CPU DLL:         SARMCM3.DLL V5.29.0.0
Dialog DLL:      DCM.DLL V1.17.3.0
Target DLL:      STLink\ST-LINKIII-KEIL_SWO.dll V3.0.7.0
Dialog DLL:      TCM.DLL V1.36.5.0
 
<h2>Project:</h2>
C:\Users\Admin\Desktop\stm32 and lcd\STM32_DHT11_LCD\MDK-ARM\STM32_DHT11_LCD.uvprojx
Project File Date:  01/10/2023

<h2>Output:</h2>
*** Using Compiler 'V5.06 update 6 (build 750)', folder: 'C:\Keil_v5\ARM\ARMCC\Bin'
Build target 'STM32_DHT11_LCD'
assembling startup_stm32f103xb.s...
compiling stm32f1xx_it.c...
compiling stm32f1xx_hal_msp.c...
compiling main.c...
../Core/Src/main.c(87): warning:  #188-D: enumerated type mixed with another type
    HAL_GPIO_WritePin (DHT11_PORT, DHT11_PIN, 0);   // pull the pin low
../Core/Src/main.c(89): warning:  #188-D: enumerated type mixed with another type
    HAL_GPIO_WritePin (DHT11_PORT, DHT11_PIN, 1);   // pull the pin high
../Core/Src/main.c(187): warning:  #223-D: function "pow" declared implicitly
          fpart = fpart * pow(10, afterpoint);
../Core/Src/main.c(232): warning:  #188-D: enumerated type mixed with another type
  		 HAL_GPIO_WritePin(GPIOA, GPIO_PIN_7, 0);
../Core/Src/main.c(233): warning:  #188-D: enumerated type mixed with another type
       HAL_GPIO_WritePin(GPIOA, GPIO_PIN_4, 0);
../Core/Src/main.c(234): warning:  #188-D: enumerated type mixed with another type
       HAL_GPIO_WritePin(GPIOA, GPIO_PIN_1, 0);
../Core/Src/main.c(263): warning:  #188-D: enumerated type mixed with another type
          HAL_GPIO_WritePin(GPIOA, GPIO_PIN_7, 1);
../Core/Src/main.c(264): warning:  #188-D: enumerated type mixed with another type
          HAL_GPIO_WritePin(GPIOA, GPIO_PIN_4, 0);
../Core/Src/main.c(265): warning:  #188-D: enumerated type mixed with another type
          HAL_GPIO_WritePin(GPIOA, GPIO_PIN_1, 0);
../Core/Src/main.c(269): warning:  #188-D: enumerated type mixed with another type
          HAL_GPIO_WritePin(GPIOA, GPIO_PIN_7, 0);
../Core/Src/main.c(270): warning:  #188-D: enumerated type mixed with another type
          HAL_GPIO_WritePin(GPIOA, GPIO_PIN_4, 1);
../Core/Src/main.c(271): warning:  #188-D: enumerated type mixed with another type
          HAL_GPIO_WritePin(GPIOA, GPIO_PIN_1, 0);
../Core/Src/main.c(275): warning:  #188-D: enumerated type mixed with another type
          HAL_GPIO_WritePin(GPIOA, GPIO_PIN_7, 0);
../Core/Src/main.c(276): warning:  #188-D: enumerated type mixed with another type
          HAL_GPIO_WritePin(GPIOA, GPIO_PIN_4, 0);
../Core/Src/main.c(277): warning:  #188-D: enumerated type mixed with another type
          HAL_GPIO_WritePin(GPIOA, GPIO_PIN_1, 1);
../Core/Src/main.c: 15 warnings, 0 errors
compiling stm32f1xx_hal_gpio_ex.c...
compiling i2c-lcd.c...
compiling stm32f1xx_hal_i2c.c...
compiling stm32f1xx_hal.c...
compiling stm32f1xx_hal_rcc.c...
compiling stm32f1xx_hal_rcc_ex.c...
compiling stm32f1xx_hal_gpio.c...
compiling stm32f1xx_hal_dma.c...
compiling stm32f1xx_hal_cortex.c...
compiling stm32f1xx_hal_pwr.c...
compiling stm32f1xx_hal_flash.c...
compiling stm32f1xx_hal_flash_ex.c...
compiling stm32f1xx_hal_exti.c...
compiling stm32f1xx_hal_tim_ex.c...
compiling system_stm32f1xx.c...
compiling stm32f1xx_hal_tim.c...
linking...
Program Size: Code=13810 RO-data=438 RW-data=44 ZI-data=1828  
FromELF: creating hex file...
"STM32_DHT11_LCD\STM32_DHT11_LCD.axf" - 0 Error(s), 15 Warning(s).

<h2>Software Packages used:</h2>

Package Vendor: ARM
                http://www.keil.com/pack/ARM.CMSIS.5.7.0.pack
                ARM.CMSIS.5.7.0
                CMSIS (Cortex Microcontroller Software Interface Standard)
   * Component: CORE Version: 5.4.0

Package Vendor: Keil
                http://www.keil.com/pack/Keil.STM32F1xx_DFP.2.4.0.pack
                Keil.STM32F1xx_DFP.2.4.0
                STMicroelectronics STM32F1 Series Device Support, Drivers and Examples

<h2>Collection of Component include folders:</h2>
  .\RTE\_STM32_DHT11_LCD
  C:\Users\Admin\AppData\Local\Arm\Packs\ARM\CMSIS\5.7.0\CMSIS\Core\Include
  C:\Users\Admin\AppData\Local\Arm\Packs\Keil\STM32F1xx_DFP\2.4.0\Device\Include

<h2>Collection of Component Files used:</h2>

   * Component: ARM::CMSIS:CORE:5.4.0
Build Time Elapsed:  00:00:34
</pre>
</body>
</html>
